[deep-sort.constantcontactsites.com/index.html]
[backblue.gif]
[fade.gif]
[index.html]
[deep-sort.constantcontactsites.com/home.57ef9350.js]
[storage.googleapis.com/development-responsiveeditor-v1-0-7/007/7/CSLAkBdW/57fd0b42cef545ca8a1a8c3076f7a91f.png]
[deep-sort.constantcontactsites.com/facebook]
[deep-sort.constantcontactsites.com/twitter]
[deep-sort.constantcontactsites.com/instagram]
[deep-sort.constantcontactsites.com/s/cdn/v1.0/i/mbb81.jpg]
[deep-sort.constantcontactsites.com/sitemap.xml]
[deep-sort.constantcontactsites.com/s/cdn/v1.0/i/me3d4.png]
[deep-sort.constantcontactsites.com/artificial-intelligence.html]
[deep-sort.constantcontactsites.com/data-science.html]
[deep-sort.constantcontactsites.com/image-processing.html]
[deep-sort.constantcontactsites.com/cyber-security.html]
[deep-sort.constantcontactsites.com/location.html]
[re-storage-ctct.azureedge.net/runtime-constantcontact-11007/bundle.js]
[deep-sort.constantcontactsites.com/index.html]
[deep-sort.constantcontactsites.com/s/cdn/v1.0/i/mb163.jpg]
[deep-sort.constantcontactsites.com/current-projects.html]
[deep-sort.constantcontactsites.com/s/cdn/v1.0/i/m0628.jpg]
[deep-sort.constantcontactsites.com/s/cdn/v1.0/i/mcc37.jpg]
[deep-sort.constantcontactsites.com/s/cdn/v1.0/i/ma539.jpg]
[deep-sort.constantcontactsites.com/s/cdn/v1.0/i/ma4c3.png]
[deep-sort.constantcontactsites.com/contact-us.html]
[www.googletagmanager.com/gtag/js59ff]
[fonts.googleapis.com/css9ab2.css]
[deep-sort.constantcontactsites.com/artificial-intelligence.b68a4e9b.js]
[fonts.gstatic.com/s/nunito/v12/XRXW3I6Li01BKofAnsSUYevN.ttf]
[deep-sort.constantcontactsites.com/artificial-intelligence.html]
[deep-sort.constantcontactsites.com/cdn-cgi/scripts/5c5dd728/cloudflare-static/email-decode.min.js]
[deep-sort.constantcontactsites.com/cdn-cgi/l/email-protection.html]
[fonts.gstatic.com/s/ptsans/v11/jizaRExUiTo99u79D0KEwA.ttf]
[deep-sort.constantcontactsites.com/data-science.html]
[deep-sort.constantcontactsites.com/data-science.8c87a82b.js]
[deep-sort.constantcontactsites.com/image-processing.html]
[deep-sort.constantcontactsites.com/image-processing.8a806221.js]
[deep-sort.constantcontactsites.com/cyber-security.8e01d89c.js]
[deep-sort.constantcontactsites.com/f512d032f7333941da00a88ce66efb9d.svg]
[deep-sort.constantcontactsites.com/cyber-security.html]
[deep-sort.constantcontactsites.com/location.html]
[deep-sort.constantcontactsites.com/location.a12ba142.js]
[deep-sort.constantcontactsites.com/s/cdn/v1.0/i/m6d62.jpg]
[deep-sort.constantcontactsites.com/current-projects.html]
[deep-sort.constantcontactsites.com/s/cdn/v1.0/i/m91b1.jpg]
[deep-sort.constantcontactsites.com/current-projects.a08183a4.js]
[deep-sort.constantcontactsites.com/s/cdn/v1.0/i/m576d.jpg]
[deep-sort.constantcontactsites.com/contact-us.html]
[deep-sort.constantcontactsites.com/facebook.html]
[deep-sort.constantcontactsites.com/twitter.html]
[deep-sort.constantcontactsites.com/instagram.html]
[deep-sort.constantcontactsites.com/contact-us.b0eb9e6e.js]
[www.constantcontact.com/uk/web/website/indexec1e.html]
[deep-sort.constantcontactsites.com/cdn-cgi/l/email-protection.html]
[deep-sort.constantcontactsites.com/s/cdn/v1.0/i/mbb81.jpg]
[deep-sort.constantcontactsites.com/home.57ef9350.js]
[deep-sort.constantcontactsites.com/s/cdn/v1.0/i/me3d4.png]
[deep-sort.constantcontactsites.com/s/cdn/v1.0/i/mb163.jpg]
[deep-sort.constantcontactsites.com/s/cdn/v1.0/i/m0628.jpg]
[deep-sort.constantcontactsites.com/s/cdn/v1.0/i/mcc37.jpg]
[deep-sort.constantcontactsites.com/s/cdn/v1.0/i/ma539.jpg]
[deep-sort.constantcontactsites.com/s/cdn/v1.0/i/ma4c3.png]
[deep-sort.constantcontactsites.com/sitemap.xml]
[re-storage-ctct.azureedge.net/runtime-constantcontact-11007/bundle.js]
[deep-sort.constantcontactsites.com/artificial-intelligence.html]
[deep-sort.constantcontactsites.com/artificial-intelligence.html]
[deep-sort.constantcontactsites.com/artificial-intelligence.b68a4e9b.js]
[fonts.gstatic.com/s/nunito/v12/XRXW3I6Li01BKofAnsSUYevN.ttf]
[fonts.gstatic.com/s/ptsans/v11/jizaRExUiTo99u79D0KEwA.ttf]
[deep-sort.constantcontactsites.com/cdn-cgi/scripts/5c5dd728/cloudflare-static/email-decode.min.js]
[deep-sort.constantcontactsites.com/data-science.8c87a82b.js]
[deep-sort.constantcontactsites.com/image-processing.8a806221.js]
[deep-sort.constantcontactsites.com/cyber-security.8e01d89c.js]
[deep-sort.constantcontactsites.com/location.a12ba142.js]
[deep-sort.constantcontactsites.com/s/cdn/v1.0/i/m6d62.jpg]
[deep-sort.constantcontactsites.com/s/cdn/v1.0/i/m91b1.jpg]
[deep-sort.constantcontactsites.com/current-projects.a08183a4.js]
[deep-sort.constantcontactsites.com/s/cdn/v1.0/i/m576d.jpg]
[deep-sort.constantcontactsites.com/contact-us.b0eb9e6e.js]
[www.googletagmanager.com/gtag/js59ff]
[deep-sort.constantcontactsites.com/cdn-cgi/l/email-protection.html]
[deep-sort.constantcontactsites.com/cdn-cgi/l/email-protection.html]
[deep-sort.constantcontactsites.com/f512d032f7333941da00a88ce66efb9d.html]
