[deep-sort.constantcontactsites.com/index.html]
[backblue.gif]
[fade.gif]
[index.html]
[storage.googleapis.com/development-responsiveeditor-v1-0-7/007/7/CSLAkBdW/57fd0b42cef545ca8a1a8c3076f7a91f.png]
[deep-sort.constantcontactsites.com/facebook]
[deep-sort.constantcontactsites.com/twitter]
[deep-sort.constantcontactsites.com/s/cdn/v1.0/i/mbb81.jpg]
[deep-sort.constantcontactsites.com/instagram]
[deep-sort.constantcontactsites.com/s/cdn/v1.0/i/me3d4.png]
[deep-sort.constantcontactsites.com/index.html]
[deep-sort.constantcontactsites.com/data-science.html]
[deep-sort.constantcontactsites.com/artificial-intelligence.html]
[deep-sort.constantcontactsites.com/image-processing.html]
[deep-sort.constantcontactsites.com/cyber-security.html]
[deep-sort.constantcontactsites.com/location.html]
[deep-sort.constantcontactsites.com/current-projects.html]
[deep-sort.constantcontactsites.com/s/cdn/v1.0/i/mb163.jpg]
[fonts.gstatic.com/s/nunito/v12/XRXW3I6Li01BKofAnsSUYevN.ttf]
[fonts.googleapis.com/css9ab2.css]
[deep-sort.constantcontactsites.com/s/cdn/v1.0/i/mcc37.jpg]
[deep-sort.constantcontactsites.com/s/cdn/v1.0/i/m0628.jpg]
[deep-sort.constantcontactsites.com/s/cdn/v1.0/i/ma539.jpg]
[deep-sort.constantcontactsites.com/s/cdn/v1.0/i/ma4c3.png]
[fonts.gstatic.com/s/ptsans/v11/jizaRExUiTo99u79D0KEwA.ttf]
[deep-sort.constantcontactsites.com/artificial-intelligence.html]
[deep-sort.constantcontactsites.com/cdn-cgi/l/email-protection.html]
[deep-sort.constantcontactsites.com/data-science.html]
[deep-sort.constantcontactsites.com/image-processing.html]
[deep-sort.constantcontactsites.com/contact-us.html]
[deep-sort.constantcontactsites.com/f512d032f7333941da00a88ce66efb9d.svg]
[deep-sort.constantcontactsites.com/cyber-security.html]
[deep-sort.constantcontactsites.com/location.html]
[www.googletagmanager.com/gtag/js59ff]
[deep-sort.constantcontactsites.com/current-projects.html]
[deep-sort.constantcontactsites.com/contact-us.html]
[deep-sort.constantcontactsites.com/facebook.html]
[deep-sort.constantcontactsites.com/twitter.html]
[deep-sort.constantcontactsites.com/instagram.html]
[deep-sort.constantcontactsites.com/s/cdn/v1.0/i/m91b1.jpg]
[deep-sort.constantcontactsites.com/s/cdn/v1.0/i/m576d.jpg]
[deep-sort.constantcontactsites.com/s/cdn/v1.0/i/m6d62.jpg]
[www.constantcontact.com/uk/web/website/indexec1e.html]
[www.constantcontact.com/website/builder9fc4.html]
[deep-sort.constantcontactsites.com/cdn-cgi/l/email-protection.html]
[www.constantcontact.com/website/static/logo_ko-362b743ed847314a6a39bce6bea10967.svg]
[www.constantcontact.com/website/static/logo-d655413147820846281fdab2cd5cac7d.svg]
[www.constantcontact.com/website/styles.584e32ad93bc55fd5234.css]
[static.ctctcdn.com/lp/images/standard/bv2/web9779/envelope.svg]
[www.constantcontact.com/website/builder.html]
[www.constantcontact.com/website/icons/icon-48x48f6b7.png]
[www.constantcontact.com/website/manifest.webmanifest]
[www.constantcontact.com/website/icons/icon-72x72f6b7.png]
[www.constantcontact.com/website/icons/icon-96x96f6b7.png]
[www.constantcontact.com/website/icons/icon-144x144f6b7.png]
[www.constantcontact.com/website/icons/icon-192x192f6b7.png]
[www.constantcontact.com/website/icons/icon-256x256f6b7.png]
[www.constantcontact.com/website/icons/icon-384x384f6b7.png]
[www.constantcontact.com/website/icons/icon-512x512f6b7.png]
[www.constantcontact.com/website/webpack-runtime-b7226d39597203bc8753.js]
[www.constantcontact.com/website/app-3ccf497ec7b48506f6a2.js]
[www.constantcontact.com/website/styles-6bca6008d392c415b429.js]
[www.constantcontact.com/website/commons-2a4c79b96951d80d699f.js]
[www.constantcontact.com/website/component---src-pages-builder-js-8eb08111786d82922629.js]
[www.constantcontact.com/website/page-data/builder/page-data.json]
[www.googletagmanager.com/ns6bf5.html]
[www.constantcontact.com/website/static/cea508362e099d48eeb16defcaaddf4c/86173/builder_hero.jpg]
[www.constantcontact.com/website/static/f60f12b0e6e4f4fbc1e4357f685c9b06/a3b19/builder_hero_laptop.png]
[www.constantcontact.com/website/static/2502ab128b9fa309cdd37a6a9c6c5d64/ac4df/builder_new_vs_returning.png]
[www.constantcontact.com/website/static/7ab4300b160192c37f9da79c169146d0/ac4df/builder_languages.png]
[www.constantcontact.com/website/static/a979580b685df69d2a7335ffa3e26b11/ac4df/builder_devices.png]
[www.constantcontact.com/website/static/0d99264e97cc6e6e974e8b64c0f0db47/ac4df/builder_browsers.png]
[www.constantcontact.com/website/industry.html]
[www.constantcontact.com/website/search-engine-optimization.html]
[www.constantcontact.com/website/reporting.html]
[www.constantcontact.com/website/mobile-responsive.html]
[www.constantcontact.com/website/pricing6a20.html]
[www.constantcontact.com/website/pricing.html]
[www.constantcontact.com/in/price-plans.html]
[www.constantcontact.com/website/static/791632e031d88371425f32440572a32e/c5d03/builder_plans.jpg]
[www.constantcontact.com/website/static/c431d72a29c2e9e856c932904cfdfb37/fa2e3/builder_plans_mobile.png]
[www.constantcontact.com/website/free-trial-website-builder.html]
[www.constantcontact.com/in/email-marketing-features.html]
[www.constantcontact.com/in/features/email-marketing-automation.html]
[www.constantcontact.com/in/features/facebook-and-instagram-ads.html]
[www.constantcontact.com/in/features/google-ads.html]
[www.constantcontact.com/in/features/ecommerce.html]
[www.constantcontact.com/in/email-marketing/email-campaign-ideas.html]
[www.constantcontact.com/in/free-email-marketing-trial.html]
[www.constantcontact.com/website/ecommerce.html]
[www.constantcontact.com/website/logos.html]
[www.constantcontact.com/website/free-trial-online-store.html]
[www.constantcontact.com/in/marketing-advisor.html]
[www.constantcontact.com/in/services.html]
[blogs.constantcontact.com/index.html]
[app.constantcontact.online/kb/help/category/Contact_Us.html]
[app.constantcontact.online/kb/help.html]
[www.constantcontact.com/in/email-marketing/email-success-stories.html]
[www.constantcontact.com/in/guides/making-sense-of-online-marketing.html]
[www.constantcontact.com/in/about.html]
[www.constantcontact.com/in/partners/solution-providers.html]
[www.constantcontact.com/in/partners/technology.html]
[www.constantcontact.com/in/partners/affiliate.html]
[www.constantcontact.com/in/partners/franchise.html]
[www.constantcontact.com/in/partners/association.html]
[careers.endurance.com/pages/endurance-brands-constant-contact.html]
[ir.endurance.com/index.html]
[news.constantcontact.com/index.html]
[www.constantcontact.com/in/about/contact-us.html]
[www.w3.org/2000/svg.html]
[www.constantcontact.com/in/refer-a-friend.html]
[www.facebook.com/constantcontact.html]
[twitter.com/constantcontact.html]
[www.pinterest.com/constantcontact.a0.delayed]
[www.instagram.com/constantcontact/index.html]
[www.pinterest.com/constantcontact/index.html]
[www.constantcontact.com/in/features/mobile-marketing.html]
[www.constantcontact.com/website/terms.html]
[www.constantcontact.com/in/legal/california-privacy-rights.html]
[www.constantcontact.com/in/legal/security.html]
[www.constantcontact.com/in/legal/anti-spam.html]
[www.constantcontact.com/website/builder9fc4.html]
[www.constantcontact.com/website/builder.html]
[www.googletagmanager.com/ns6bf5.html]
[5053232.fls.doubleclick.net/activityi;src=5053232;type=sitev0;cat=www_c001;/website/builder;u4=undefined;u7=undefined;ord=140969440/www.constantcontact.com/website/builder_utm_source=customersites&utm_medium=banner&ut]
[www.constantcontact.com/website/component---src-pages-seo-page-js-f04500a99e67b22f24ed.js]
[www.constantcontact.com/website/page-data/industry/page-data.json]
[images.ctfassets.net/xjty7l4gkmjg/UhSJ1NSAE9zGcaFUzJYLq/b82699059ebe4615e7e7f364f08973a8/hero-desktopb5aa.jpg]
[www.constantcontact.com/website/industry.html]
[www.constantcontact.com/website/page-data/search-engine-optimization/page-data.json]
[images.ctfassets.net/xjty7l4gkmjg/1FD0hbzn81JE6XoVHvm1P2/4cee84d184d4949cafd4f8ea0cd48992/hero-desktopb5aa.jpg]
[images.ctfassets.net/xjty7l4gkmjg/7N0ae6JTUm9duaCMjNMSk7/4ab8c152f9e7471b9e599647f416b969/lockup-desktopb5aa.png]
[images.ctfassets.net/xjty7l4gkmjg/4RAiy5UUWSEVG46BkyvxYp/0ea1d6f891069d4d37b02ca1a6503d1d/blog1b5aa.jpg]
[blogs.constantcontact.com/website-why-seo-is-important-for-your-business/index.html]
[images.ctfassets.net/xjty7l4gkmjg/eXNZ4gKVVXyJq0ofIrLYl/e049923b0f0e2193a372220072c0a812/blog2b5aa.jpg]
[blogs.constantcontact.com/website-how-to-get-started-designing-your-website/index.html]
[images.ctfassets.net/xjty7l4gkmjg/3rQh5zPT2sBqQPQrpkQdd6/c2f3c97bd2a03c0f9fde2a7e1101ea23/blog3b5aa.jpg]
[blogs.constantcontact.com/website-turn-your-side-hustle-into-a-full-fledged-business/index.html]
[www.constantcontact.com/website/search-engine-optimization.html]
[www.constantcontact.com/website/page-data/reporting/page-data.json]
[images.ctfassets.net/xjty7l4gkmjg/5ahaXxWYh5ekzupoNlqDnU/b90e3adcbbdd1046b641d3501a2fc755/hero-desktopb5aa.jpg]
[images.ctfassets.net/xjty7l4gkmjg/12CW7ttzkPbep5NAbcNZRn/372aeb31fb2a33fe7b2956d5df22e54a/lockup-desktop-realb5aa.png]
[images.ctfassets.net/xjty7l4gkmjg/1KHOqbq95VUbDQalBeCBAI/3c7b784e1c8a0c253a36e97dfab82336/blog1b5aa.jpg]
[images.ctfassets.net/xjty7l4gkmjg/1f2zO2gZ8A85RbCCuN3OxD/42f50c6a821344faf56a7c4feb846240/blog2b5aa.jpg]
[images.ctfassets.net/xjty7l4gkmjg/1n1LkcLeNcfqROjWccBZfK/483dc83de7b3633ac6b7569776232b95/blog3b5aa.jpg]
[blogs.constantcontact.com/increase-website-traffic-seo/index.html]
[blogs.constantcontact.com/website-bounce-rate/index.html]
[blogs.constantcontact.com/drive-website-traffic-with-email/index.html]
[www.constantcontact.com/website/reporting.html]
[images.ctfassets.net/xjty7l4gkmjg/5ivPE8PfB6h0YZJU5Hpt2H/588be71b8258d4bbcc58d383a165a99b/hero-desktopb5aa.jpg]
[www.constantcontact.com/website/page-data/mobile-responsive/page-data.json]
[images.ctfassets.net/xjty7l4gkmjg/6KZObImIV1cj4IuEjss6fN/c48c9d63fa5ee1e5615ddfa7c86e710f/lockup-desktopb5aa.png]
[www.constantcontact.com/website/mobile-responsive.html]
[www.constantcontact.com/website/component---src-pages-pricing-js-974033645acc61932a97.js]
[www.constantcontact.com/website/page-data/pricing/page-data.json]
[knowledgebase.constantcontact.com/articles/KnowledgeBase/5374-non-profit-discount-and-sales-tax-exemption-information380c.html]
[www.constantcontact.com/website/pricing6a20.html]
[cdn.optimizely.com/js/13001720089379b.js]
[www.constantcontact.com/apple-touch-icon.png]
[logx.optimizely.com/index.html]
[accounts.google.com/ServiceLoginedeb.html]
[www.constantcontact.com/favicon379b.ico]
[www.constantcontact.com/site/guide/css/master379b.css]
[static.ctctcdn.com/lp/fonts/roboto/roboto379b.css]
[www.constantcontact.com/site/common/_styles/modules/cc-alertbar379b.css]
[www.constantcontact.com/site/common/_styles/modules/cc-alert-modal379b.css]
[www.constantcontact.com/site/guide/css/grid/default379b.css]
[www.constantcontact.com/site/guide/css/spacing/default379b.css]
[www.constantcontact.com/site/guide/css/cookie379b.css]
[www.constantcontact.com/site/guide/css/color/alaska379b.css]
[www.constantcontact.com/site/guide/css/type/oxygen379b.css]
[www.constantcontact.com/site/guide/css/modules/pricing-plans/lynx379b.css]
[www.constantcontact.com/site/guide/css/modules/tooltips/libra379b.css]
[www.constantcontact.com/site/guide/css/pages/web10643-price-plans379b.css]
[www.constantcontact.com/site/guide/css/modules/navbar/maia379b.css]
[www.constantcontact.com/site/guide/css/modules/media-block/delphinus379b.css]
[www.constantcontact.com/site/guide/css/pages/web10758-salesforce-chat379b.css]
[www.constantcontact.com/site/guide/css/modules/footer/draco379b.css]
[static.ctctcdn.com/h/jquery/2.1.4/jquery.min379b.js]
[www.constantcontact.com/site/guide/js/component-pricing-plans379b.js]
[www.constantcontact.com/site/common/_script/modules/cc-optimizely379b.js]
[static.ctctcdn.com/lp/images/standard/logos/logo-ctct-color.svg]
[www.constantcontact.com/in/home-page.html]
[community.constantcontact.com/help-center.html]
[login.constantcontact.com/login/login.1247c01.delayed]
[static.ctctcdn.com/lp/images/standard/web10634/ribbon-black.svg]
[static.ctctcdn.com/lp/images/standard/icons/pricing-plans/pig.svg]
[static.ctctcdn.com/lp/images/standard/icons/pricing-plans/talk-to-us.svg]
[static.ctctcdn.com/lp/images/standard/x.svg]
[go.constantcontact.com/in/start-now/email-plan/signup.html]
[www.constantcontact.com/in/legal/terms.html]
[go.constantcontact.com/in/forward/privacy-center.html]
[static.ctctcdn.com/lp/images/standard/logos/logo-ctct-white.svg]
[static.ctctcdn.com/lp/images/standard/ctct-footer/instagram_sm.svg]
[static.ctctcdn.com/lp/images/standard/ctct-footer/youtube_sm.svg]
[www.youtube.com/constantcontact.html]
[static.ctctcdn.com/lp/images/standard/ctct-footer/facebook_sm.svg]
[static.ctctcdn.com/lp/images/standard/ctct-footer/linkedin_sm.svg]
[static.ctctcdn.com/lp/images/standard/ctct-footer/pinterest_sm.svg]
[static.ctctcdn.com/lp/images/standard/ctct-footer/twitter_sm.svg]
[tags.tiqcdn.com/utag/cc/main/prod/utag.js]
[www.constantcontact.com/site/common/_script/libs/modernizr/3.5.0/min379b.js]
[www.constantcontact.com/site/common/_script/widgets/cc-alert-banner379b.js]
[www.constantcontact.com/site/common/_script/modules/cc-alert-modal379b.js]
[www.constantcontact.com/site/common/_script/modules/cc-cookies379b.js]
[www.constantcontact.com/site/common/_script/modules/cc-analytics379b.js]
[www.constantcontact.com/site/common/_script/modules/cc-utils379b.js]
[www.constantcontact.com/site/common/_script/frameworks/bootstrap3/bootstrap.min379b.js]
[www.constantcontact.com/site/guide/js/cookie-consent-banner379b.js]
[www.constantcontact.com/site/guide/js/third_party/velocity.min379b.js]
[www.constantcontact.com/site/guide/js/navbar-master379b.js]
[www.constantcontact.com/site/common/_script/modules/cc-tooltips379b.js]
[c.la4-c2cs-dfw.salesforceliveagent.com/content/g/js/42.0/deployment379b.js]
[www.constantcontact.com/site/guide/js/ecom-salesforce-chat379b.js]
[www.constantcontact.com/site/common/_script/external_sites/navigation379b.js]
[www.constantcontact.com/site/next/js/cc-toggle-section379b.js]
[www.constantcontact.com/in/price-plans.html]
[www.constantcontact.com/site/guide/js/footer379b.js]
[www.constantcontact.com/website/pricing.html]
[www.constantcontact.com/website/page-data/free-trial-website-builder/page-data.json]
[images.ctfassets.net/xjty7l4gkmjg/2rekUfK81jye2h2yd7C4jJ/0f9bc07123ac4a96bfa36bc23d7bdbae/free_website_background_herob5aa.jpg]
[images.ctfassets.net/xjty7l4gkmjg/3y0up9de1Qd1SicuMfeBSG/64722ef76e58135afd151d12d0bdf2d5/hero_laptop_desktopb5aa.png]
[images.ctfassets.net/xjty7l4gkmjg/68FFqKPeYGWuvGiYdRWBan/a1681c29105b9357eaea02444c06d4d1/websites_laptopb5aa.png]
[images.ctfassets.net/xjty7l4gkmjg/13gFEbR5taQZWV3u1pEpXr/c972ade186b2bc17bd80d83a6292d8a7/websites_lockup_tabletb5aa.png]
[images.ctfassets.net/xjty7l4gkmjg/19CYAD6I9umXeEakfN62nx/b4e5fe10daac6c307b58bf222d1e18de/blog_essential_guideb5aa.jpg]
[images.ctfassets.net/xjty7l4gkmjg/5snJRomF29M9ZG071hE1HQ/49bf87fa38e4c5e444bbbac9bf418c7a/blog_website_designb5aa.jpg]
[images.ctfassets.net/xjty7l4gkmjg/6kDsLKthmcTeupoCtU4llY/183e56d6004b0acf379e47b108ab0cf7/blog_side_hustleb5aa.jpg]
[www.constantcontact.com/website/free-trial-website-builder.html]
[www.constantcontact.com/index2be1.html]
[www.constantcontact.com/in/email-marketing-features.html]
[www.constantcontact.com/in/features/email-marketing-automation.html]
